// Jest Snapshot v1, https://goo.gl/fbAQLP

exports[`should render homepage matching snapshot 1`] = `
<div
  className="css-h74a88"
  role="main"
>
   
  <h2
    className="chakra-heading css-xi606m"
  >
     hello world 
  </h2>
</div>
`;
